Archive member included to satisfy reference by file (symbol)

.\CortexM0\ARM_GCC_541\Debug\Design01.a(PWM.o)
                              .\CortexM0\ARM_GCC_541\Debug\main.o (PWM_WriteCompare)
.\CortexM0\ARM_GCC_541\Debug\Design01.a(TC_ISR.o)
                              .\CortexM0\ARM_GCC_541\Debug\main.o (TC_ISR_StartEx)
.\CortexM0\ARM_GCC_541\Debug\Design01.a(CyLib.o)
                              .\CortexM0\ARM_GCC_541\Debug\cyfitter_cfg.o (CyIntEnable)
.\CortexM0\ARM_GCC_541\Debug\Design01.a(CyLFClk.o)
                              .\CortexM0\ARM_GCC_541\Debug\Design01.a(CyLib.o) (CySysClkWcoEnabled)
.\CortexM0\ARM_GCC_541\Debug\Design01.a(UART.o)
                              .\CortexM0\ARM_GCC_541\Debug\main.o (UART_Start)
.\CortexM0\ARM_GCC_541\Debug\Design01.a(UART_UART.o)
                              .\CortexM0\ARM_GCC_541\Debug\Design01.a(UART.o) (UART_UartInit)
.\CortexM0\ARM_GCC_541\Debug\Design01.a(CyBootAsmGnu.o)
                              .\CortexM0\ARM_GCC_541\Debug\Design01.a(CyLib.o) (CyDelayCycles)
.\CortexM0\ARM_GCC_541\Debug\Design01.a(CyFlash.o)
                              .\CortexM0\ARM_GCC_541\Debug\Design01.a(CyLib.o) (CySysFlashSetWaitCycles)
.\CortexM0\ARM_GCC_541\Debug\Design01.a(UART_SPI_UART.o)
                              .\CortexM0\ARM_GCC_541\Debug\Design01.a(UART_UART.o) (UART_SpiUartReadRxData)
d:/program files (x86)/cypress/psoc creator/4.3/psoc creator/import/gnu/arm/5.4.1/bin/../lib/gcc/arm-none-eabi/5.4.1/armv6-m\libgcc.a(_udivsi3.o)
                              .\CortexM0\ARM_GCC_541\Debug\Design01.a(CyLib.o) (__aeabi_uidiv)
d:/program files (x86)/cypress/psoc creator/4.3/psoc creator/import/gnu/arm/5.4.1/bin/../lib/gcc/arm-none-eabi/5.4.1/armv6-m\libgcc.a(_divsi3.o)
                              .\CortexM0\ARM_GCC_541\Debug\Design01.a(CyLFClk.o) (__aeabi_idiv)
d:/program files (x86)/cypress/psoc creator/4.3/psoc creator/import/gnu/arm/5.4.1/bin/../lib/gcc/arm-none-eabi/5.4.1/armv6-m\libgcc.a(_dvmd_tls.o)
                              d:/program files (x86)/cypress/psoc creator/4.3/psoc creator/import/gnu/arm/5.4.1/bin/../lib/gcc/arm-none-eabi/5.4.1/armv6-m\libgcc.a(_udivsi3.o) (__aeabi_idiv0)
d:/program files (x86)/cypress/psoc creator/4.3/psoc creator/import/gnu/arm/5.4.1/bin/../lib/gcc/arm-none-eabi/5.4.1/../../../../arm-none-eabi/lib/armv6-m\libg_nano.a(lib_a-errno.o)
                              .\CortexM0\ARM_GCC_541\Debug\Cm0Start.o (__errno)
d:/program files (x86)/cypress/psoc creator/4.3/psoc creator/import/gnu/arm/5.4.1/bin/../lib/gcc/arm-none-eabi/5.4.1/../../../../arm-none-eabi/lib/armv6-m\libg_nano.a(lib_a-exit.o)
                              d:/program files (x86)/cypress/psoc creator/4.3/psoc creator/import/gnu/arm/5.4.1/bin/../lib/gcc/arm-none-eabi/5.4.1/../../../../arm-none-eabi/lib/armv6-m/crt0.o (exit)
d:/program files (x86)/cypress/psoc creator/4.3/psoc creator/import/gnu/arm/5.4.1/bin/../lib/gcc/arm-none-eabi/5.4.1/../../../../arm-none-eabi/lib/armv6-m\libg_nano.a(lib_a-impure.o)
                              d:/program files (x86)/cypress/psoc creator/4.3/psoc creator/import/gnu/arm/5.4.1/bin/../lib/gcc/arm-none-eabi/5.4.1/../../../../arm-none-eabi/lib/armv6-m\libg_nano.a(lib_a-exit.o) (_global_impure_ptr)
d:/program files (x86)/cypress/psoc creator/4.3/psoc creator/import/gnu/arm/5.4.1/bin/../lib/gcc/arm-none-eabi/5.4.1/../../../../arm-none-eabi/lib/armv6-m\libg_nano.a(lib_a-init.o)
                              d:/program files (x86)/cypress/psoc creator/4.3/psoc creator/import/gnu/arm/5.4.1/bin/../lib/gcc/arm-none-eabi/5.4.1/../../../../arm-none-eabi/lib/armv6-m/crt0.o (__libc_init_array)
d:/program files (x86)/cypress/psoc creator/4.3/psoc creator/import/gnu/arm/5.4.1/bin/../lib/gcc/arm-none-eabi/5.4.1/../../../../arm-none-eabi/lib/armv6-m\libg_nano.a(lib_a-memcpy-stub.o)
                              .\CortexM0\ARM_GCC_541\Debug\main.o (memcpy)
d:/program files (x86)/cypress/psoc creator/4.3/psoc creator/import/gnu/arm/5.4.1/bin/../lib/gcc/arm-none-eabi/5.4.1/../../../../arm-none-eabi/lib/armv6-m\libg_nano.a(lib_a-memset.o)
                              d:/program files (x86)/cypress/psoc creator/4.3/psoc creator/import/gnu/arm/5.4.1/bin/../lib/gcc/arm-none-eabi/5.4.1/../../../../arm-none-eabi/lib/armv6-m/crt0.o (memset)
d:/program files (x86)/cypress/psoc creator/4.3/psoc creator/import/gnu/arm/5.4.1/bin/../lib/gcc/arm-none-eabi/5.4.1/../../../../arm-none-eabi/lib/armv6-m\libg_nano.a(lib_a-sprintf.o)
                              .\CortexM0\ARM_GCC_541\Debug\main.o (sprintf)
d:/program files (x86)/cypress/psoc creator/4.3/psoc creator/import/gnu/arm/5.4.1/bin/../lib/gcc/arm-none-eabi/5.4.1/../../../../arm-none-eabi/lib/armv6-m\libg_nano.a(lib_a-strlen.o)
                              .\CortexM0\ARM_GCC_541\Debug\main.o (strlen)
d:/program files (x86)/cypress/psoc creator/4.3/psoc creator/import/gnu/arm/5.4.1/bin/../lib/gcc/arm-none-eabi/5.4.1/../../../../arm-none-eabi/lib/armv6-m\libg_nano.a(lib_a-nano-svfprintf.o)
[...]
Memory Configuration

Name             Origin             Length             Attributes
rom              0x00000000         0x00020000         xr
ram              0x20000000         0x00004000         xrw
*default*        0x00000000         0xffffffff

Linker script and memory map

LOAD d:/program files (x86)/cypress/psoc creator/4.3/psoc creator/import/gnu/arm/5.4.1/bin/../lib/gcc/arm-none-eabi/5.4.1/armv6-m/crti.o
LOAD d:/program files (x86)/cypress/psoc creator/4.3/psoc creator/import/gnu/arm/5.4.1/bin/../lib/gcc/arm-none-eabi/5.4.1/armv6-m/crtbegin.o
LOAD d:/program files (x86)/cypress/psoc creator/4.3/psoc creator/import/gnu/arm/5.4.1/bin/../lib/gcc/arm-none-eabi/5.4.1/../../../../arm-none-eabi/lib/armv6-m/crt0.o
START GROUP
LOAD .\CortexM0\ARM_GCC_541\Debug\main.o
LOAD .\CortexM0\ARM_GCC_541\Debug\cyfitter_cfg.o
LOAD .\CortexM0\ARM_GCC_541\Debug\cymetadata.o
LOAD .\CortexM0\ARM_GCC_541\Debug\Cm0Start.o
LOAD .\CortexM0\ARM_GCC_541\Debug\Design01.a
END GROUP
START GROUP
LOAD d:/program files (x86)/cypress/psoc creator/4.3/psoc creator/import/gnu/arm/5.4.1/bin/../lib/gcc/arm-none-eabi/5.4.1/armv6-m\libgcc.a
LOAD d:/program files (x86)/cypress/psoc creator/4.3/psoc creator/import/gnu/arm/5.4.1/bin/../lib/gcc/arm-none-eabi/5.4.1/../../../../arm-none-eabi/lib/armv6-m\libg_nano.a
LOAD d:/program files (x86)/cypress/psoc creator/4.3/psoc creator/import/gnu/arm/5.4.1/bin/../lib/gcc/arm-none-eabi/5.4.1/../../../../arm-none-eabi/lib/armv6-m\libc_nano.a
END GROUP
START GROUP
LOAD d:/program files (x86)/cypress/psoc creator/4.3/psoc creator/import/gnu/arm/5.4.1/bin/../lib/gcc/arm-none-eabi/5.4.1/armv6-m\libgcc.a
LOAD d:/program files (x86)/cypress/psoc creator/4.3/psoc creator/import/gnu/arm/5.4.1/bin/../lib/gcc/arm-none-eabi/5.4.1/../../../../arm-none-eabi/lib/armv6-m\libc_nano.a
END GROUP
LOAD d:/program files (x86)/cypress/psoc creator/4.3/psoc creator/import/gnu/arm/5.4.1/bin/../lib/gcc/arm-none-eabi/5.4.1/armv6-m/crtend.o
LOAD d:/program files (x86)/cypress/psoc creator/4.3/psoc creator/import/gnu/arm/5.4.1/bin/../lib/gcc/arm-none-eabi/5.4.1/armv6-m/crtn.o
START GROUP
LOAD d:/program files (x86)/cypress/psoc creator/4.3/psoc creator/import/gnu/arm/5.4.1/bin/../lib/gcc/arm-none-eabi/5.4.1/armv6-m\libgcc.a
LOAD d:/program files (x86)/cypress/psoc creator/4.3/psoc creator/import/gnu/arm/5.4.1/bin/../lib/gcc/arm-none-eabi/5.4.1/../../../../arm-none-eabi/lib/armv6-m\libc.a
LOAD d:/program files (x86)/cypress/psoc creator/4.3/psoc creator/import/gnu/arm/5.4.1/bin/../lib/gcc/arm-none-eabi/5.4.1/../../../../arm-none-eabi/lib/armv6-m\libnosys.a
END GROUP
                0x00000000                CY_APPL_ORIGIN = 0x0
                0x00000080                CY_FLASH_ROW_SIZE = 0x80
                0x00000001                CY_APPL_NUM = 0x1
                0x00000001                CY_APPL_MAX = 0x1
                0x00000040                CY_METADATA_SIZE = 0x40
                0x00000000                CY_APPL_LOADABLE = 0x0
                0x00000000                CY_CHECKSUM_EXCLUDE_SIZE = ALIGN (0x0, CY_FLASH_ROW_SIZE)
                0x00000000                CY_APP_FOR_STACK_AND_COPIER = 0x0
                [!provide]                PROVIDE (__cy_heap_start, _end)
                0x00000001                PROVIDE (__cy_region_num, ((__cy_regions_end - __cy_regions) / 0x10))
                0x20004000                PROVIDE (__cy_stack, (ORIGIN (ram) + LENGTH (ram)))
                [!provide]                PROVIDE (__cy_heap_end, (__cy_stack - 0x800))

.cybootloader   0x00000000        0x0
 *(.cybootloader)
                0x00000000                appl1_start = CY_APPL_ORIGIN?CY_APPL_ORIGIN:ALIGN (CY_FLASH_ROW_SIZE)
                0x0000ff80                appl2_start = (appl1_start + ALIGN ((((LENGTH (rom) - appl1_start) - (0x2 * CY_FLASH_ROW_SIZE)) / 0x2), CY_FLASH_ROW_SIZE))
                0x00000000                appl_start = (CY_APPL_NUM == 0x1)?appl1_start:appl2_start
                0x00000001                cy_project_type_bootloader = (appl_start == 0x0)?0x1:0x0
                0x00000000                cy_project_type_app_for_stack_and_copier = (CY_APP_FOR_STACK_AND_COPIER == 0x1)?0x1:0x0

.text           0x00000000     0x14d2
 CREATE_OBJECT_SYMBOLS
                0x00000000                PROVIDE (__cy_interrupt_vector, RomVectors)
 *(.romvectors)
 .romvectors    0x00000000       0x10 .\CortexM0\ARM_GCC_541\Debug\Cm0Start.o
                0x00000000                RomVectors
                0x00000001                ASSERT ((. != __cy_interrupt_vector), No interrupt vector)
                0x00000001                ASSERT (CY_APPL_ORIGIN?(SIZEOF (.cybootloader) <= CY_APPL_ORIGIN):0x1, Wrong image location)
                0x00000010                PROVIDE (__cy_reset, Reset)
 *(.text.Reset)
 .text.Reset    0x00000010        0x8 .\CortexM0\ARM_GCC_541\Debug\Cm0Start.o
                0x00000010                Reset
                0x00000001                ASSERT ((. != __cy_reset), No reset code)
 *(.psocinit)
 .psocinit      0x00000018      0x18c .\CortexM0\ARM_GCC_541\Debug\cyfitter_cfg.o
                0x000000c4                cyfitter_cfg
                0x000001a4                . = MAX (., 0x100)
 *(.text .text.* .gnu.linkonce.t.*)
 .text          0x000001a4       0x60 d:/program files (x86)/cypress/psoc creator/4.3/psoc creator/import/gnu/arm/5.4.1/bin/../lib/gcc/arm-none-eabi/5.4.1/armv6-m/crtbegin.o
 .text.TC_ISR_Handler
                0x00000204       0x14 .\CortexM0\ARM_GCC_541\Debug\main.o
                0x00000204                TC_ISR_Handler
 .text.main     0x00000218       0xcc .\CortexM0\ARM_GCC_541\Debug\main.o
                0x00000218                main
 .text.cfg_write_bytes32
                0x000002e4       0x34 .\CortexM0\ARM_GCC_541\Debug\cyfitter_cfg.o
 .text.AnalogSetDefault
                0x00000318       0x20 .\CortexM0\ARM_GCC_541\Debug\cyfitter_cfg.o
 .text.CYMEMZERO
                0x00000338        0xc .\CortexM0\ARM_GCC_541\Debug\cyfitter_cfg.o
 .text.IntDefaultHandler
                0x00000344       0x10 .\CortexM0\ARM_GCC_541\Debug\Cm0Start.o
                0x00000344                IntDefaultHandler
 .text._sbrk    0x00000354       0x30 .\CortexM0\ARM_GCC_541\Debug\Cm0Start.o
                0x00000354                _sbrk
 .text.Start_c  0x00000384       0x48 .\CortexM0\ARM_GCC_541\Debug\Cm0Start.o
                0x00000384                Start_c
 .text.initialize_psoc
                0x000003cc       0x4c .\CortexM0\ARM_GCC_541\Debug\Cm0Start.o
                0x000003cc                initialize_psoc
 .text.PWM_WriteCounter
                0x00000418       0x10 .\CortexM0\ARM_GCC_541\Debug\Design01.a(PWM.o)
                0x00000418                PWM_WriteCounter
 .text.PWM_WritePeriod
                0x00000428       0x10 .\CortexM0\ARM_GCC_541\Debug\Design01.a(PWM.o)
                0x00000428                PWM_WritePeriod
 .text.PWM_WriteCompare
                0x00000438       0x10 .\CortexM0\ARM_GCC_541\Debug\Design01.a(PWM.o)
                0x00000438                PWM_WriteCompare
 .text.PWM_ReadCompare
                0x00000448       0x10 .\CortexM0\ARM_GCC_541\Debug\Design01.a(PWM.o)
                0x00000448                PWM_ReadCompare
 .text.PWM_TriggerCommand
                0x00000458       0x1c .\CortexM0\ARM_GCC_541\Debug\Design01.a(PWM.o)
                0x00000458                PWM_TriggerCommand
 .text.PWM_Enable
                0x00000474       0x24 .\CortexM0\ARM_GCC_541\Debug\Design01.a(PWM.o)
                0x00000474                PWM_Enable
 .text.PWM_SetInterruptMode
                0x00000498        0xc .\CortexM0\ARM_GCC_541\Debug\Design01.a(PWM.o)
                0x00000498                PWM_SetInterruptMode
 .text.PWM_Init
                0x000004a4       0x48 .\CortexM0\ARM_GCC_541\Debug\Design01.a(PWM.o)
                0x000004a4                PWM_Init
 .text.PWM_Start
                0x000004ec       0x20 .\CortexM0\ARM_GCC_541\Debug\Design01.a(PWM.o)
                0x000004ec                PWM_Start
 .text.PWM_ClearInterrupt
                0x0000050c        0xc .\CortexM0\ARM_GCC_541\Debug\Design01.a(PWM.o)
                0x0000050c                PWM_ClearInterrupt
 .text.TC_ISR_SetVector
                0x00000518        0xc .\CortexM0\ARM_GCC_541\Debug\Design01.a(TC_ISR.o)
                0x00000518                TC_ISR_SetVector
 .text.TC_ISR_SetPriority
                0x00000524       0x20 .\CortexM0\ARM_GCC_541\Debug\Design01.a(TC_ISR.o)
                0x00000524                TC_ISR_SetPriority
 .text.TC_ISR_Enable
                0x00000544       0x10 .\CortexM0\ARM_GCC_541\Debug\Design01.a(TC_ISR.o)
                0x00000544                TC_ISR_Enable
 .text.TC_ISR_Disable
                0x00000554       0x10 .\CortexM0\ARM_GCC_541\Debug\Design01.a(TC_ISR.o)
                0x00000554                TC_ISR_Disable
 .text.TC_ISR_StartEx
                0x00000564       0x1c .\CortexM0\ARM_GCC_541\Debug\Design01.a(TC_ISR.o)
                0x00000564                TC_ISR_StartEx
 .text.CySysClkImoDisableWcoLock
                0x00000580       0x54 .\CortexM0\ARM_GCC_541\Debug\Design01.a(CyLib.o)
                0x00000580                CySysClkImoDisableWcoLock
 .text.CySysClkImoGetWcoLock
                0x000005d4       0x14 .\CortexM0\ARM_GCC_541\Debug\Design01.a(CyLib.o)
                0x000005d4                CySysClkImoGetWcoLock
 .text.CyIntEnable
                0x000005e8       0x14 .\CortexM0\ARM_GCC_541\Debug\Design01.a(CyLib.o)
                0x000005e8                CyIntEnable
 .text.CyHalt   0x000005fc        0x4 .\CortexM0\ARM_GCC_541\Debug\Design01.a(CyLib.o)
                0x000005fc                CyHalt
 .text.CyIntSetVector
                0x00000600       0x24 .\CortexM0\ARM_GCC_541\Debug\Design01.a(CyLib.o)
                0x00000600                CyIntSetVector
 .text.CyDelay  0x00000624       0x30 .\CortexM0\ARM_GCC_541\Debug\Design01.a(CyLib.o)
                0x00000624                CyDelay
 .text.CySysClkImoEnableWcoLock
                0x00000654       0xf4 .\CortexM0\ARM_GCC_541\Debug\Design01.a(CyLib.o)
                0x00000654                CySysClkImoEnableWcoLock
 .text.CySysClkWriteImoFreq
                0x00000748       0x80 .\CortexM0\ARM_GCC_541\Debug\Design01.a(CyLib.o)
                0x00000748                CySysClkWriteImoFreq
 .text.CySysWdtLocked
                0x000007c8       0x14 .\CortexM0\ARM_GCC_541\Debug\Design01.a(CyLFClk.o)
 .text.CySysClkWcoEnabled
                0x000007dc       0x14 .\CortexM0\ARM_GCC_541\Debug\Design01.a(CyLFClk.o)
                0x000007dc                CySysClkWcoEnabled
 .text.CySysWdtLock
                0x000007f0       0x1c .\CortexM0\ARM_GCC_541\Debug\Design01.a(CyLFClk.o)
                0x000007f0                CySysWdtLock
 .text.CySysWdtUnlock
                0x0000080c       0x30 .\CortexM0\ARM_GCC_541\Debug\Design01.a(CyLFClk.o)
                0x0000080c                CySysWdtUnlock
 .text.CySysWdtClearInterrupt
                0x0000083c       0x4c .\CortexM0\ARM_GCC_541\Debug\Design01.a(CyLFClk.o)
                0x0000083c                CySysWdtClearInterrupt
 .text.CySysWdtIsr
                0x00000888       0xa4 .\CortexM0\ARM_GCC_541\Debug\Design01.a(CyLFClk.o)
                0x00000888                CySysWdtIsr
 .text.UART_ScbModePostEnable
                0x0000092c        0x8 .\CortexM0\ARM_GCC_541\Debug\Design01.a(UART.o)
 .text.UART_Init
                0x00000934        0x8 .\CortexM0\ARM_GCC_541\Debug\Design01.a(UART.o)
                0x00000934                UART_Init
 .text.UART_Enable
                0x0000093c       0x18 .\CortexM0\ARM_GCC_541\Debug\Design01.a(UART.o)
                0x0000093c                UART_Enable
 .text.UART_Start
                0x00000954       0x20 .\CortexM0\ARM_GCC_541\Debug\Design01.a(UART.o)
                0x00000954                UART_Start
 .text.UART_UartInit
                0x00000974       0xa8 .\CortexM0\ARM_GCC_541\Debug\Design01.a(UART_UART.o)
                0x00000974                UART_UartInit
 .text.UART_UartPostEnable
                0x00000a1c       0x24 .\CortexM0\ARM_GCC_541\Debug\Design01.a(UART_UART.o)
                0x00000a1c                UART_UartPostEnable
 .text.UART_UartPutString
                0x00000a40       0x18 .\CortexM0\ARM_GCC_541\Debug\Design01.a(UART_UART.o)
                0x00000a40                UART_UartPutString
 .text          0x00000a58       0x20 .\CortexM0\ARM_GCC_541\Debug\Design01.a(CyBootAsmGnu.o)
                0x00000a58                CyDelayCycles
                0x00000a6a                CyEnterCriticalSection
                0x00000a72                CyExitCriticalSection
 .text.CySysFlashSetWaitCycles
                0x00000a78       0x54 .\CortexM0\ARM_GCC_541\Debug\Design01.a(CyFlash.o)
                0x00000a78                CySysFlashSetWaitCycles
 .text.UART_SpiUartWriteTxData
                0x00000acc       0x1c .\CortexM0\ARM_GCC_541\Debug\Design01.a(UART_SPI_UART.o)
                0x00000acc                UART_SpiUartWriteTxData
 .text          0x00000ae8      0x114 d:/program files (x86)/cypress/psoc creator/4.3/psoc creator/import/gnu/arm/5.4.1/bin/../lib/gcc/arm-none-eabi/5.4.1/armv6-m\libgcc.a(_udivsi3.o)
                0x00000ae8                __aeabi_uidiv
                0x00000ae8                __udivsi3
                0x00000bf4                __aeabi_uidivmod
 .text          0x00000bfc        0x4 d:/program files (x86)/cypress/psoc creator/4.3/psoc creator/import/gnu/arm/5.4.1/bin/../lib/gcc/arm-none-eabi/5.4.1/armv6-m\libgcc.a(_dvmd_tls.o)
                0x00000bfc                __aeabi_idiv0
                0x00000bfc                __aeabi_ldiv0
 .text.__errno  0x00000c00        0xc d:/program files (x86)/cypress/psoc creator/4.3/psoc creator/import/gnu/arm/5.4.1/bin/../lib/gcc/arm-none-eabi/5.4.1/../../../../arm-none-eabi/lib/armv6-m\libg_nano.a(lib_a-errno.o)
                0x00000c00                __errno
 .text.__libc_init_array
                0x00000c0c       0x4c d:/program files (x86)/cypress/psoc creator/4.3/psoc creator/import/gnu/arm/5.4.1/bin/../lib/gcc/arm-none-eabi/5.4.1/../../../../arm-none-eabi/lib/armv6-m\libg_nano.a(lib_a-init.o)
                0x00000c0c                __libc_init_array
 .text.memcpy   0x00000c58       0x12 d:/program files (x86)/cypress/psoc creator/4.3/psoc creator/import/gnu/arm/5.4.1/bin/../lib/gcc/arm-none-eabi/5.4.1/../../../../arm-none-eabi/lib/armv6-m\libg_nano.a(lib_a-memcpy-stub.o)
                0x00000c58                memcpy
 .text.memset   0x00000c6a       0x10 d:/program files (x86)/cypress/psoc creator/4.3/psoc creator/import/gnu/arm/5.4.1/bin/../lib/gcc/arm-none-eabi/5.4.1/../../../../arm-none-eabi/lib/armv6-m\libg_nano.a(lib_a-memset.o)
                0x00000c6a                memset
 *fill*         0x00000c7a        0x2 
 .text.sprintf  0x00000c7c       0x44 d:/program files (x86)/cypress/psoc creator/4.3/psoc creator/import/gnu/arm/5.4.1/bin/../lib/gcc/arm-none-eabi/5.4.1/../../../../arm-none-eabi/lib/armv6-m\libg_nano.a(lib_a-sprintf.o)
                0x00000c7c                siprintf
                0x00000c7c                sprintf
 .text          0x00000cc0        0xe d:/program files (x86)/cypress/psoc creator/4.3/psoc creator/import/gnu/arm/5.4.1/bin/../lib/gcc/arm-none-eabi/5.4.1/../../../../arm-none-eabi/lib/armv6-m\libg_nano.a(lib_a-strlen.o)
                0x00000cc0                strlen
 *fill*         0x00000cce        0x2 
 .text.__ssputs_r
                0x00000cd0       0xc4 d:/program files (x86)/cypress/psoc creator/4.3/psoc creator/import/gnu/arm/5.4.1/bin/../lib/gcc/arm-none-eabi/5.4.1/../../../../arm-none-eabi/lib/armv6-m\libg_nano.a(lib_a-nano-svfprintf.o)
                0x00000cd0                __ssputs_r
 .text._svfprintf_r
                0x00000d94      0x1fc d:/program files (x86)/cypress/psoc creator/4.3/psoc creator/import/gnu/arm/5.4.1/bin/../lib/gcc/arm-none-eabi/5.4.1/../../../../arm-none-eabi/lib/armv6-m\libg_nano.a(lib_a-nano-svfprintf.o)
                0x00000d94                _svfiprintf_r
                0x00000d94                _svfprintf_r
 .text._printf_common
                0x00000f90       0xdc d:/program files (x86)/cypress/psoc creator/4.3/psoc creator/import/gnu/arm/5.4.1/bin/../lib/gcc/arm-none-eabi/5.4.1/../../../../arm-none-eabi/lib/armv6-m\libg_nano.a(lib_a-nano-vfprintf_i.o)
                0x00000f90                _printf_common
 .text._printf_i
                0x0000106c      0x244 d:/program files (x86)/cypress/psoc creator/4.3/psoc creator/import/gnu/arm/5.4.1/bin/../lib/gcc/arm-none-eabi/5.4.1/../../../../arm-none-eabi/lib/armv6-m\libg_nano.a(lib_a-nano-vfprintf_i.o)
                0x0000106c                _printf_i
 .text.memchr   0x000012b0       0x16 d:/program files (x86)/cypress/psoc creator/4.3/psoc creator/import/gnu/arm/5.4.1/bin/../lib/gcc/arm-none-eabi/5.4.1/../../../../arm-none-eabi/lib/armv6-m\libg_nano.a(lib_a-memchr-stub.o)
                0x000012b0                memchr
 .text.memmove  0x000012c6       0x2a d:/program files (x86)/cypress/psoc creator/4.3/psoc creator/import/gnu/arm/5.4.1/bin/../lib/gcc/arm-none-eabi/5.4.1/../../../../arm-none-eabi/lib/armv6-m\libg_nano.a(lib_a-memmove.o)
                0x000012c6                memmove
 .text._free_r  0x000012f0       0x98 d:/program files (x86)/cypress/psoc creator/4.3/psoc creator/import/gnu/arm/5.4.1/bin/../lib/gcc/arm-none-eabi/5.4.1/../../../../arm-none-eabi/lib/armv6-m\libg_nano.a(lib_a-nano-freer.o)
                0x000012f0                _free_r
 .text._malloc_r
                0x00001388       0xc0 d:/program files (x86)/cypress/psoc creator/4.3/psoc creator/import/gnu/arm/5.4.1/bin/../lib/gcc/arm-none-eabi/5.4.1/../../../../arm-none-eabi/lib/armv6-m\libg_nano.a(lib_a-nano-mallocr.o)
                0x00001388                _malloc_r
 .text._realloc_r
                0x00001448       0x4c d:/program files (x86)/cypress/psoc creator/4.3/psoc creator/import/gnu/arm/5.4.1/bin/../lib/gcc/arm-none-eabi/5.4.1/../../../../arm-none-eabi/lib/armv6-m\libg_nano.a(lib_a-nano-reallocr.o)
                0x00001448                _realloc_r
 .text._sbrk_r  0x00001494       0x24 d:/program files (x86)/cypress/psoc creator/4.3/psoc creator/import/gnu/arm/5.4.1/bin/../lib/gcc/arm-none-eabi/5.4.1/../../../../arm-none-eabi/lib/armv6-m\libg_nano.a(lib_a-sbrkr.o)
                0x00001494                _sbrk_r
 .text.__malloc_lock
                0x000014b8        0x2 d:/program files (x86)/cypress/psoc creator/4.3/psoc creator/import/gnu/arm/5.4.1/bin/../lib/gcc/arm-none-eabi/5.4.1/../../../../arm-none-eabi/lib/armv6-m\libg_nano.a(lib_a-mlock.o)
                0x000014b8                __malloc_lock
 .text.__malloc_unlock
                0x000014ba        0x2 d:/program files (x86)/cypress/psoc creator/4.3/psoc creator/import/gnu/arm/5.4.1/bin/../lib/gcc/arm-none-eabi/5.4.1/../../../../arm-none-eabi/lib/armv6-m\libg_nano.a(lib_a-mlock.o)
                0x000014ba                __malloc_unlock
 .text._malloc_usable_size_r
                0x000014bc       0x16 d:/program files (x86)/cypress/psoc creator/4.3/psoc creator/import/gnu/arm/5.4.1/bin/../lib/gcc/arm-none-eabi/5.4.1/../../../../arm-none-eabi/lib/armv6-m\libg_nano.a(lib_a-nano-msizer.o)
                0x000014bc                _malloc_usable_size_r
 *(.plt)
 *(.gnu.warning)
 *(.glue_7t)
 .glue_7t       0x000014d2        0x0 linker stubs
 *(.glue_7)
 .glue_7        0x000014d2        0x0 linker stubs
 *(.vfp11_veneer)
 .vfp11_veneer  0x000014d2        0x0 linker stubs
 *(.bootloader)
 *(.ARM.extab* .gnu.linkonce.armextab.*)
 *(.gcc_except_table)

.v4_bx          0x000014d4        0x0
 .v4_bx         0x000014d4        0x0 linker stubs

.iplt           0x000014d4        0x0
 .iplt          0x000014d4        0x0 d:/program files (x86)/cypress/psoc creator/4.3/psoc creator/import/gnu/arm/5.4.1/bin/../lib/gcc/arm-none-eabi/5.4.1/armv6-m/crtbegin.o

.eh_frame_hdr
 *(.eh_frame_hdr)

.eh_frame       0x000014d4        0x4
 *(.eh_frame)
 .eh_frame      0x000014d4        0x0 d:/program files (x86)/cypress/psoc creator/4.3/psoc creator/import/gnu/arm/5.4.1/bin/../lib/gcc/arm-none-eabi/5.4.1/armv6-m/crtbegin.o
 .eh_frame      0x000014d4        0x4 d:/program files (x86)/cypress/psoc creator/4.3/psoc creator/import/gnu/arm/5.4.1/bin/../lib/gcc/arm-none-eabi/5.4.1/armv6-m/crtend.o
                [!provide]                PROVIDE (__exidx_start, .)

.ARM.exidx
 *(.ARM.exidx* .gnu.linkonce.armexidx.*)
                0x000014d8                __exidx_end = .

.rodata         0x000014d8      0x138
 *(.rodata .rodata.* .gnu.linkonce.r.*)
 .rodata.str1.4
                0x000014d8       0x64 .\CortexM0\ARM_GCC_541\Debug\main.o
                                 0x66 (size before relaxing)
 .rodata        0x0000153c       0x38 .\CortexM0\ARM_GCC_541\Debug\cyfitter_cfg.o
 .rodata        0x00001574       0x2e .\CortexM0\ARM_GCC_541\Debug\Design01.a(CyLib.o)
                0x00001574                cyImoFreqMhz2Reg
 .rodata.str1.1
                0x000015a2        0x2 d:/program files (x86)/cypress/psoc creator/4.3/psoc creator/import/gnu/arm/5.4.1/bin/../lib/gcc/arm-none-eabi/5.4.1/../../../../arm-none-eabi/lib/armv6-m\libg_nano.a(lib_a-impure.o)
 .rodata.str1.1
                0x000015a4       0x11 d:/program files (x86)/cypress/psoc creator/4.3/psoc creator/import/gnu/arm/5.4.1/bin/../lib/gcc/arm-none-eabi/5.4.1/../../../../arm-none-eabi/lib/armv6-m\libg_nano.a(lib_a-nano-svfprintf.o)
 .rodata.str1.1
                0x000015b5       0x22 d:/program files (x86)/cypress/psoc creator/4.3/psoc creator/import/gnu/arm/5.4.1/bin/../lib/gcc/arm-none-eabi/5.4.1/../../../../arm-none-eabi/lib/armv6-m\libg_nano.a(lib_a-nano-vfprintf_i.o)
                0x000015d8                . = ALIGN (0x4)
 *fill*         0x000015d7        0x1 
 *(.init)
 .init          0x000015d8        0x4 d:/program files (x86)/cypress/psoc creator/4.3/psoc creator/import/gnu/arm/5.4.1/bin/../lib/gcc/arm-none-eabi/5.4.1/armv6-m/crti.o
                0x000015d8                _init
 .init          0x000015dc        0x8 d:/program files (x86)/cypress/psoc creator/4.3/psoc creator/import/gnu/arm/5.4.1/bin/../lib/gcc/arm-none-eabi/5.4.1/armv6-m/crtn.o
                0x000015e4                . = ALIGN (0x4)
                0x000015e4                __preinit_array_start = .
 *(.preinit_array)
                0x000015e4                __preinit_array_end = .
                0x000015e4                . = ALIGN (0x4)
                0x000015e4                __init_array_start = .
 *(SORT(.init_array.*))
 *(.init_array)
 .init_array    0x000015e4        0x4 d:/program files (x86)/cypress/psoc creator/4.3/psoc creator/import/gnu/arm/5.4.1/bin/../lib/gcc/arm-none-eabi/5.4.1/armv6-m/crtbegin.o
 .init_array    0x000015e8        0x4 .\CortexM0\ARM_GCC_541\Debug\Cm0Start.o
                0x000015ec                __init_array_end = .
                0x000015ec                . = ALIGN (0x4)
 *(.fini)
 .fini          0x000015ec        0x4 d:/program files (x86)/cypress/psoc creator/4.3/psoc creator/import/gnu/arm/5.4.1/bin/../lib/gcc/arm-none-eabi/5.4.1/armv6-m/crti.o
                0x000015ec                _fini
 .fini          0x000015f0        0x8 d:/program files (x86)/cypress/psoc creator/4.3/psoc creator/import/gnu/arm/5.4.1/bin/../lib/gcc/arm-none-eabi/5.4.1/armv6-m/crtn.o
                0x000015f8                . = ALIGN (0x4)
                0x000015f8                __fini_array_start = .
 *(.fini_array)
 .fini_array    0x000015f8        0x4 d:/program files (x86)/cypress/psoc creator/4.3/psoc creator/import/gnu/arm/5.4.1/bin/../lib/gcc/arm-none-eabi/5.4.1/armv6-m/crtbegin.o
 *(SORT(.fini_array.*))
                0x000015fc                __fini_array_end = .
                0x000015fc                . = ALIGN (0x4)
 *crtbegin.o(.ctors)
 *(EXCLUDE_FILE(*crtend.o) .ctors)
 *(SORT(.ctors.*))
 *crtend.o(.ctors)
                0x000015fc                . = ALIGN (0x4)
 *crtbegin.o(.dtors)
 *(EXCLUDE_FILE(*crtend.o) .dtors)
 *(SORT(.dtors.*))
 *crtend.o(.dtors)
                0x000015fc                . = ALIGN (0x4)
                0x000015fc                __cy_regions = .
                0x000015fc        0x4 LONG 0x1610 __cy_region_init_ram
                0x00001600        0x4 LONG 0x200000c0 __cy_region_start_data
                0x00001604        0x4 LONG 0x90 __cy_region_init_size_ram
                0x00001608        0x4 LONG 0x58 __cy_region_zero_size_ram
                0x0000160c                __cy_regions_end = .
                0x00001610                . = ALIGN (0x8)
 *fill*         0x0000160c        0x4 
                0x00001610                _etext = .

.cy_checksum_exclude
                0x00001610        0x0
 *(.cy_checksum_exclude)

.ramvectors     0x20000000       0xc0
                0x20000000                __cy_region_start_ram = .
 *(.ramvectors)
 .ramvectors    0x20000000       0xc0 .\CortexM0\ARM_GCC_541\Debug\Cm0Start.o
                0x20000000                CyRamVectors

.noinit
 *(.noinit)

.data           0x200000c0       0x90 load address 0x00001610
                0x200000c0                __cy_region_start_data = .
 *(.jcr)
 .jcr           0x200000c0        0x0 d:/program files (x86)/cypress/psoc creator/4.3/psoc creator/import/gnu/arm/5.4.1/bin/../lib/gcc/arm-none-eabi/5.4.1/armv6-m/crtbegin.o
 .jcr           0x200000c0        0x4 d:/program files (x86)/cypress/psoc creator/4.3/psoc creator/import/gnu/arm/5.4.1/bin/../lib/gcc/arm-none-eabi/5.4.1/armv6-m/crtend.o
 *(.got.plt)
 *(.got)
 *(.shdata)
 *(.data .data.* .gnu.linkonce.d.*)
 .data          0x200000c4        0x1 .\CortexM0\ARM_GCC_541\Debug\main.o
                0x200000c4                increment
 *fill*         0x200000c5        0x3 
 .data          0x200000c8        0x4 .\CortexM0\ARM_GCC_541\Debug\Cm0Start.o
 .data          0x200000cc       0x14 .\CortexM0\ARM_GCC_541\Debug\Design01.a(CyLib.o)
                0x200000cc                CySysClkPumpConfig
                0x200000d0                cydelay32kMs
                0x200000d4                cydelayFreqKhz
                0x200000d8                cydelayFreqMhz
                0x200000dc                cydelayFreqHz
 .data          0x200000e0        0x8 .\CortexM0\ARM_GCC_541\Debug\Design01.a(CyLFClk.o)
 .data.impure_data
                0x200000e8       0x60 d:/program files (x86)/cypress/psoc creator/4.3/psoc creator/import/gnu/arm/5.4.1/bin/../lib/gcc/arm-none-eabi/5.4.1/../../../../arm-none-eabi/lib/armv6-m\libg_nano.a(lib_a-impure.o)
 .data._impure_ptr
                0x20000148        0x4 d:/program files (x86)/cypress/psoc creator/4.3/psoc creator/import/gnu/arm/5.4.1/bin/../lib/gcc/arm-none-eabi/5.4.1/../../../../arm-none-eabi/lib/armv6-m\libg_nano.a(lib_a-impure.o)
                0x20000148                _impure_ptr
                0x20000150                . = ALIGN (0x8)
 *fill*         0x2000014c        0x4 
 *(.ram)
                0x20000150                _edata = .

.igot.plt       0x20000150        0x0 load address 0x000016a0
 .igot.plt      0x20000150        0x0 d:/program files (x86)/cypress/psoc creator/4.3/psoc creator/import/gnu/arm/5.4.1/bin/../lib/gcc/arm-none-eabi/5.4.1/armv6-m/crtbegin.o

.bss            0x20000150       0x58 load address 0x000016a0
                0x20000150                PROVIDE (__bss_start__, .)
 *(.shbss)
 *(.bss .bss.* .gnu.linkonce.b.*)
 .bss           0x20000150       0x1c d:/program files (x86)/cypress/psoc creator/4.3/psoc creator/import/gnu/arm/5.4.1/bin/../lib/gcc/arm-none-eabi/5.4.1/armv6-m/crtbegin.o
 .bss           0x2000016c        0x1 .\CortexM0\ARM_GCC_541\Debug\main.o
                0x2000016c                interrupt
 .bss           0x2000016d        0x1 .\CortexM0\ARM_GCC_541\Debug\Design01.a(PWM.o)
                0x2000016d                PWM_initVar
 *fill*         0x2000016e        0x2 
 .bss           0x20000170       0x28 .\CortexM0\ARM_GCC_541\Debug\Design01.a(CyLFClk.o)
 .bss           0x20000198        0x4 .\CortexM0\ARM_GCC_541\Debug\Design01.a(UART.o)
                0x20000198                UART_initVar
                0x2000019a                UART_IntrTxMask
 .bss.__malloc_sbrk_start
                0x2000019c        0x4 d:/program files (x86)/cypress/psoc creator/4.3/psoc creator/import/gnu/arm/5.4.1/bin/../lib/gcc/arm-none-eabi/5.4.1/../../../../arm-none-eabi/lib/armv6-m\libg_nano.a(lib_a-nano-mallocr.o)
                0x2000019c                __malloc_sbrk_start
 .bss.__malloc_free_list
                0x200001a0        0x4 d:/program files (x86)/cypress/psoc creator/4.3/psoc creator/import/gnu/arm/5.4.1/bin/../lib/gcc/arm-none-eabi/5.4.1/../../../../arm-none-eabi/lib/armv6-m\libg_nano.a(lib_a-nano-mallocr.o)
                0x200001a0                __malloc_free_list
 *(COMMON)
 COMMON         0x200001a4        0x4 d:/program files (x86)/cypress/psoc creator/4.3/psoc creator/import/gnu/arm/5.4.1/bin/../lib/gcc/arm-none-eabi/5.4.1/../../../../arm-none-eabi/lib/armv6-m\libg_nano.a(lib_a-reent.o)
                0x200001a4                errno
                0x200001a8                . = ALIGN (0x8)
 *(.ram.b)
                0x200001a8                _end = .
                0x200001a8                __end = .
                0x200001a8                PROVIDE (end, .)
                0x200001a8                PROVIDE (__bss_end__, .)
                0x00001610                __cy_region_init_ram = LOADADDR (.data)
                0x00000090                __cy_region_init_size_ram = (_edata - ADDR (.data))
                0x00000058                __cy_region_zero_size_ram = (_end - _edata)

.heap           0x200001a8       0x80 load address 0x000016a0
                0x200001a8                . = _end
                0x20000228                . = (. + 0x80)
 *fill*         0x200001a8       0x80 
                0x20000228                __cy_heap_limit = .

.stack          0x20003800      0x800
                0x20003800                __cy_stack_limit = .
                0x20004000                . = (. + 0x800)
 *fill*         0x20003800      0x800 
                0x00000001                ASSERT ((__cy_stack_limit >= __cy_heap_limit), region RAM overflowed with stack)
                0x00000000                cy_checksum_exclude_size = (CY_APPL_LOADABLE == 0x1)?SIZEOF (.cy_checksum_exclude):0x0
                0x00000001                ASSERT ((cy_checksum_exclude_size <= CY_CHECKSUM_EXCLUDE_SIZE), CY_BOOT: Section .cy_checksum_exclude size exceedes specified limit.)
                0x0001ffc0                cyloadermeta_start = (cy_project_type_bootloader || cy_project_type_app_for_stack_and_copier)?(LENGTH (rom) - CY_METADATA_SIZE):0xf0000000

.cyloadermeta
 *(.cyloadermeta)
                0x0001ffc0                cyloadablemeta_start = cy_project_type_app_for_stack_and_copier?((LENGTH (rom) - CY_FLASH_ROW_SIZE) - CY_METADATA_SIZE):((LENGTH (rom) - (CY_FLASH_ROW_SIZE * (CY_APPL_NUM - 0x1))) - CY_METADATA_SIZE)

.cyloadablemeta
 *(.cyloadablemeta)

.cyflashprotect
                0x90400000       0x80
 *(.cyflashprotect)
 .cyflashprotect
                0x90400000       0x80 .\CortexM0\ARM_GCC_541\Debug\cymetadata.o
                0x90400000                cy_meta_flashprotect

.cymeta         0x90500000        0xc
 *(.cymeta)
 .cymeta        0x90500000        0xc .\CortexM0\ARM_GCC_541\Debug\cymetadata.o
                0x90500000                cy_metadata

.cychipprotect  0x90600000        0x1
 *(.cychipprotect)
 .cychipprotect
                0x90600000        0x1 .\CortexM0\ARM_GCC_541\Debug\cymetadata.o
                0x90600000                cy_meta_chipprotect

.rel.dyn        0x000016a0        0x0 load address 0x90600004
 .rel.iplt      0x000016a0        0x0 d:/program files (x86)/cypress/psoc creator/4.3/psoc creator/import/gnu/arm/5.4.1/bin/../lib/gcc/arm-none-eabi/5.4.1/armv6-m/crtbegin.o

.stab
 *(.stab)

.stabstr
 *(.stabstr)

.debug
 *(.debug)

.line
 *(.line)

.debug_srcinfo
 *(.debug_srcinfo)

.debug_sfnames
 *(.debug_sfnames)

.debug_aranges  0x00000000      0x798
 *(.debug_aranges)
 .debug_aranges
                0x00000000       0x28 .\CortexM0\ARM_GCC_541\Debug\main.o
 .debug_aranges
                0x00000028       0x40 .\CortexM0\ARM_GCC_541\Debug\cyfitter_cfg.o
 .debug_aranges
                0x00000068       0x18 .\CortexM0\ARM_GCC_541\Debug\cymetadata.o
 .debug_aranges
                0x00000080       0x48 .\CortexM0\ARM_GCC_541\Debug\Cm0Start.o
 .debug_aranges
                0x000000c8      0x158 .\CortexM0\ARM_GCC_541\Debug\Design01.a(PWM.o)
 .debug_aranges
                0x00000220       0x80 .\CortexM0\ARM_GCC_541\Debug\Design01.a(TC_ISR.o)
 .debug_aranges
                0x000002a0      0x1c8 .\CortexM0\ARM_GCC_541\Debug\Design01.a(CyLib.o)
 .debug_aranges
                0x00000468      0x188 .\CortexM0\ARM_GCC_541\Debug\Design01.a(CyLFClk.o)
 .debug_aranges
                0x000005f0       0x58 .\CortexM0\ARM_GCC_541\Debug\Design01.a(UART.o)
 .debug_aranges
                0x00000648       0x90 .\CortexM0\ARM_GCC_541\Debug\Design01.a(UART_UART.o)
 .debug_aranges
                0x000006d8       0x20 .\CortexM0\ARM_GCC_541\Debug\Design01.a(CyBootAsmGnu.o)
 .debug_aranges
                0x000006f8       0x40 .\CortexM0\ARM_GCC_541\Debug\Design01.a(CyFlash.o)
 .debug_aranges
                0x00000738       0x60 .\CortexM0\ARM_GCC_541\Debug\Design01.a(UART_SPI_UART.o)

.debug_pubnames
 *(.debug_pubnames)

.debug_info     0x00000000     0x40ef
 *(.debug_info .gnu.linkonce.wi.*)
 .debug_info    0x00000000      0x300 .\CortexM0\ARM_GCC_541\Debug\main.o
 .debug_info    0x00000300      0x3bc .\CortexM0\ARM_GCC_541\Debug\cyfitter_cfg.o
 .debug_info    0x000006bc       0xf8 .\CortexM0\ARM_GCC_541\Debug\cymetadata.o
 .debug_info    0x000007b4      0x3a2 .\CortexM0\ARM_GCC_541\Debug\Cm0Start.o
 .debug_info    0x00000b56      0x90a .\CortexM0\ARM_GCC_541\Debug\Design01.a(PWM.o)
 .debug_info    0x00001460      0x305 .\CortexM0\ARM_GCC_541\Debug\Design01.a(TC_ISR.o)
 .debug_info    0x00001765      0xd40 .\CortexM0\ARM_GCC_541\Debug\Design01.a(CyLib.o)
 .debug_info    0x000024a5     0x1058 .\CortexM0\ARM_GCC_541\Debug\Design01.a(CyLFClk.o)
 .debug_info    0x000034fd      0x23a .\CortexM0\ARM_GCC_541\Debug\Design01.a(UART.o)
 .debug_info    0x00003737      0x3b5 .\CortexM0\ARM_GCC_541\Debug\Design01.a(UART_UART.o)
 .debug_info    0x00003aec       0x93 .\CortexM0\ARM_GCC_541\Debug\Design01.a(CyBootAsmGnu.o)
 .debug_info    0x00003b7f      0x350 .\CortexM0\ARM_GCC_541\Debug\Design01.a(CyFlash.o)
 .debug_info    0x00003ecf      0x220 .\CortexM0\ARM_GCC_541\Debug\Design01.a(UART_SPI_UART.o)

.debug_abbrev   0x00000000     0x1113
 *(.debug_abbrev)
 .debug_abbrev  0x00000000      0x13e .\CortexM0\ARM_GCC_541\Debug\main.o
 .debug_abbrev  0x0000013e      0x1af .\CortexM0\ARM_GCC_541\Debug\cyfitter_cfg.o
 .debug_abbrev  0x000002ed       0x5d .\CortexM0\ARM_GCC_541\Debug\cymetadata.o
 .debug_abbrev  0x0000034a      0x1d7 .\CortexM0\ARM_GCC_541\Debug\Cm0Start.o
 .debug_abbrev  0x00000521      0x119 .\CortexM0\ARM_GCC_541\Debug\Design01.a(PWM.o)
 .debug_abbrev  0x0000063a      0x19a .\CortexM0\ARM_GCC_541\Debug\Design01.a(TC_ISR.o)
 .debug_abbrev  0x000007d4      0x20b .\CortexM0\ARM_GCC_541\Debug\Design01.a(CyLib.o)
 .debug_abbrev  0x000009df      0x248 .\CortexM0\ARM_GCC_541\Debug\Design01.a(CyLFClk.o)
 .debug_abbrev  0x00000c27       0xd5 .\CortexM0\ARM_GCC_541\Debug\Design01.a(UART.o)
 .debug_abbrev  0x00000cfc      0x132 .\CortexM0\ARM_GCC_541\Debug\Design01.a(UART_UART.o)
 .debug_abbrev  0x00000e2e       0x14 .\CortexM0\ARM_GCC_541\Debug\Design01.a(CyBootAsmGnu.o)
 .debug_abbrev  0x00000e42      0x182 .\CortexM0\ARM_GCC_541\Debug\Design01.a(CyFlash.o)
 .debug_abbrev  0x00000fc4      0x14f .\CortexM0\ARM_GCC_541\Debug\Design01.a(UART_SPI_UART.o)

.debug_line     0x00000000     0x1bf6
 *(.debug_line)
 .debug_line    0x00000000      0x136 .\CortexM0\ARM_GCC_541\Debug\main.o
 .debug_line    0x00000136      0x17b .\CortexM0\ARM_GCC_541\Debug\cyfitter_cfg.o
 .debug_line    0x000002b1      0x141 .\CortexM0\ARM_GCC_541\Debug\cymetadata.o
 .debug_line    0x000003f2      0x236 .\CortexM0\ARM_GCC_541\Debug\Cm0Start.o
 .debug_line    0x00000628      0x37c .\CortexM0\ARM_GCC_541\Debug\Design01.a(PWM.o)
 .debug_line    0x000009a4      0x152 .\CortexM0\ARM_GCC_541\Debug\Design01.a(TC_ISR.o)
 .debug_line    0x00000af6      0x563 .\CortexM0\ARM_GCC_541\Debug\Design01.a(CyLib.o)
 .debug_line    0x00001059      0x5d1 .\CortexM0\ARM_GCC_541\Debug\Design01.a(CyLFClk.o)
 .debug_line    0x0000162a      0x108 .\CortexM0\ARM_GCC_541\Debug\Design01.a(UART.o)
 .debug_line    0x00001732      0x1cf .\CortexM0\ARM_GCC_541\Debug\Design01.a(UART_UART.o)
 .debug_line    0x00001901       0x68 .\CortexM0\ARM_GCC_541\Debug\Design01.a(CyBootAsmGnu.o)
 .debug_line    0x00001969      0x173 .\CortexM0\ARM_GCC_541\Debug\Design01.a(CyFlash.o)
 .debug_line    0x00001adc      0x11a .\CortexM0\ARM_GCC_541\Debug\Design01.a(UART_SPI_UART.o)

.debug_frame    0x00000000     0x1684
 *(.debug_frame)
 .debug_frame   0x00000000       0x4c .\CortexM0\ARM_GCC_541\Debug\main.o
 .debug_frame   0x0000004c       0x98 .\CortexM0\ARM_GCC_541\Debug\cyfitter_cfg.o
 .debug_frame   0x000000e4       0xbc .\CortexM0\ARM_GCC_541\Debug\Cm0Start.o
 .debug_frame   0x000001a0      0x3a0 .\CortexM0\ARM_GCC_541\Debug\Design01.a(PWM.o)
 .debug_frame   0x00000540      0x110 .\CortexM0\ARM_GCC_541\Debug\Design01.a(TC_ISR.o)
 .debug_frame   0x00000650      0x48c .\CortexM0\ARM_GCC_541\Debug\Design01.a(CyLib.o)
 .debug_frame   0x00000adc      0x4a4 .\CortexM0\ARM_GCC_541\Debug\Design01.a(CyLFClk.o)
 .debug_frame   0x00000f80       0xd8 .\CortexM0\ARM_GCC_541\Debug\Design01.a(UART.o)
 .debug_frame   0x00001058      0x144 .\CortexM0\ARM_GCC_541\Debug\Design01.a(UART_UART.o)
 .debug_frame   0x0000119c       0x90 .\CortexM0\ARM_GCC_541\Debug\Design01.a(CyFlash.o)
 .debug_frame   0x0000122c       0xb0 .\CortexM0\ARM_GCC_541\Debug\Design01.a(UART_SPI_UART.o)
 .debug_frame   0x000012dc       0x20 d:/program files (x86)/cypress/psoc creator/4.3/psoc creator/import/gnu/arm/5.4.1/bin/../lib/gcc/arm-none-eabi/5.4.1/armv6-m\libgcc.a(_udivsi3.o)
 .debug_frame   0x000012fc       0x20 d:/program files (x86)/cypress/psoc creator/4.3/psoc creator/import/gnu/arm/5.4.1/bin/../lib/gcc/arm-none-eabi/5.4.1/armv6-m\libgcc.a(_divsi3.o)
 .debug_frame   0x0000131c       0x20 d:/program files (x86)/cypress/psoc creator/4.3/psoc creator/import/gnu/arm/5.4.1/bin/../lib/gcc/arm-none-eabi/5.4.1/../../../../arm-none-eabi/lib/armv6-m\libg_nano.a(lib_a-errno.o)
 .debug_frame   0x0000133c       0x28 d:/program files (x86)/cypress/psoc creator/4.3/psoc creator/import/gnu/arm/5.4.1/bin/../lib/gcc/arm-none-eabi/5.4.1/../../../../arm-none-eabi/lib/armv6-m\libg_nano.a(lib_a-exit.o)
 .debug_frame   0x00001364       0x2c d:/program files (x86)/cypress/psoc creator/4.3/psoc creator/import/gnu/arm/5.4.1/bin/../lib/gcc/arm-none-eabi/5.4.1/../../../../arm-none-eabi/lib/armv6-m\libg_nano.a(lib_a-init.o)
 .debug_frame   0x00001390       0x28 d:/program files (x86)/cypress/psoc creator/4.3/psoc creator/import/gnu/arm/5.4.1/bin/../lib/gcc/arm-none-eabi/5.4.1/../../../../arm-none-eabi/lib/armv6-m\libg_nano.a(lib_a-memcpy-stub.o)
 .debug_frame   0x000013b8       0x20 d:/program files (x86)/cypress/psoc creator/4.3/psoc creator/import/gnu/arm/5.4.1/bin/../lib/gcc/arm-none-eabi/5.4.1/../../../../arm-none-eabi/lib/armv6-m\libg_nano.a(lib_a-memset.o)
 .debug_frame   0x000013d8       0x50 d:/program files (x86)/cypress/psoc creator/4.3/psoc creator/import/gnu/arm/5.4.1/bin/../lib/gcc/arm-none-eabi/5.4.1/../../../../arm-none-eabi/lib/armv6-m\libg_nano.a(lib_a-sprintf.o)
 .debug_frame   0x00001428       0x74 d:/program files (x86)/cypress/psoc creator/4.3/psoc creator/import/gnu/arm/5.4.1/bin/../lib/gcc/arm-none-eabi/5.4.1/../../../../arm-none-eabi/lib/armv6-m\libg_nano.a(lib_a-nano-svfprintf.o)
 .debug_frame   0x0000149c       0x54 d:/program files (x86)/cypress/psoc creator/4.3/psoc creator/import/gnu/arm/5.4.1/bin/../lib/gcc/arm-none-eabi/5.4.1/../../../../arm-none-eabi/lib/armv6-m\libg_nano.a(lib_a-nano-vfprintf_i.o)
 .debug_frame   0x000014f0       0x20 d:/program files (x86)/cypress/psoc creator/4.3/psoc creator/import/gnu/arm/5.4.1/bin/../lib/gcc/arm-none-eabi/5.4.1/../../../../arm-none-eabi/lib/armv6-m\libg_nano.a(lib_a-memchr-stub.o)
 .debug_frame   0x00001510       0x28 d:/program files (x86)/cypress/psoc creator/4.3/psoc creator/import/gnu/arm/5.4.1/bin/../lib/gcc/arm-none-eabi/5.4.1/../../../../arm-none-eabi/lib/armv6-m\libg_nano.a(lib_a-memmove.o)
 .debug_frame   0x00001538       0x2c d:/program files (x86)/cypress/psoc creator/4.3/psoc creator/import/gnu/arm/5.4.1/bin/../lib/gcc/arm-none-eabi/5.4.1/../../../../arm-none-eabi/lib/armv6-m\libg_nano.a(lib_a-nano-freer.o)
 .debug_frame   0x00001564       0x2c d:/program files (x86)/cypress/psoc creator/4.3/psoc creator/import/gnu/arm/5.4.1/bin/../lib/gcc/arm-none-eabi/5.4.1/../../../../arm-none-eabi/lib/armv6-m\libg_nano.a(lib_a-nano-mallocr.o)
 .debug_frame   0x00001590       0x30 d:/program files (x86)/cypress/psoc creator/4.3/psoc creator/import/gnu/arm/5.4.1/bin/../lib/gcc/arm-none-eabi/5.4.1/../../../../arm-none-eabi/lib/armv6-m\libg_nano.a(lib_a-nano-reallocr.o)
 .debug_frame   0x000015c0       0x2c d:/program files (x86)/cypress/psoc creator/4.3/psoc creator/import/gnu/arm/5.4.1/bin/../lib/gcc/arm-none-eabi/5.4.1/../../../../arm-none-eabi/lib/armv6-m\libg_nano.a(lib_a-sbrkr.o)
 .debug_frame   0x000015ec       0x30 d:/program files (x86)/cypress/psoc creator/4.3/psoc creator/import/gnu/arm/5.4.1/bin/../lib/gcc/arm-none-eabi/5.4.1/../../../../arm-none-eabi/lib/armv6-m\libg_nano.a(lib_a-mlock.o)
 .debug_frame   0x0000161c       0x20 d:/program files (x86)/cypress/psoc creator/4.3/psoc creator/import/gnu/arm/5.4.1/bin/../lib/gcc/arm-none-eabi/5.4.1/../../../../arm-none-eabi/lib/armv6-m\libg_nano.a(lib_a-nano-msizer.o)
 .debug_frame   0x0000163c       0x48 d:/program files (x86)/cypress/psoc creator/4.3/psoc creator/import/gnu/arm/5.4.1/bin/../lib/gcc/arm-none-eabi/5.4.1/../../../../arm-none-eabi/lib/armv6-m\libg_nano.a(lib_a-reent.o)

.debug_str      0x00000000     0x1a75
 *(.debug_str)
 .debug_str     0x00000000      0x213 .\CortexM0\ARM_GCC_541\Debug\main.o
                                0x25a (size before relaxing)
 .debug_str     0x00000213      0x12a .\CortexM0\ARM_GCC_541\Debug\cyfitter_cfg.o
                                0x2d9 (size before relaxing)
 .debug_str     0x0000033d       0x63 .\CortexM0\ARM_GCC_541\Debug\cymetadata.o
                                0x1cb (size before relaxing)
 .debug_str     0x000003a0      0x13a .\CortexM0\ARM_GCC_541\Debug\Cm0Start.o
                                0x304 (size before relaxing)
 .debug_str     0x000004da      0x38b .\CortexM0\ARM_GCC_541\Debug\Design01.a(PWM.o)
                                0x560 (size before relaxing)
 .debug_str     0x00000865      0x10c .\CortexM0\ARM_GCC_541\Debug\Design01.a(TC_ISR.o)
                                0x2fb (size before relaxing)
 .debug_str     0x00000971      0x5c7 .\CortexM0\ARM_GCC_541\Debug\Design01.a(CyLib.o)
                                0x800 (size before relaxing)
 .debug_str     0x00000f38      0x6eb .\CortexM0\ARM_GCC_541\Debug\Design01.a(CyLFClk.o)
                                0x920 (size before relaxing)
 .debug_str     0x00001623       0xf7 .\CortexM0\ARM_GCC_541\Debug\Design01.a(UART.o)
                                0x29a (size before relaxing)
 .debug_str     0x0000171a      0x1d8 .\CortexM0\ARM_GCC_541\Debug\Design01.a(UART_UART.o)
                                0x3cb (size before relaxing)
 .debug_str     0x000018f2       0xa0 .\CortexM0\ARM_GCC_541\Debug\Design01.a(CyFlash.o)
                                0x2b3 (size before relaxing)
 .debug_str     0x00001992       0xe3 .\CortexM0\ARM_GCC_541\Debug\Design01.a(UART_SPI_UART.o)
                                0x2d1 (size before relaxing)

.debug_loc      0x00000000     0x22ea
 *(.debug_loc)
 .debug_loc     0x00000000       0x50 .\CortexM0\ARM_GCC_541\Debug\main.o
 .debug_loc     0x00000050      0x118 .\CortexM0\ARM_GCC_541\Debug\cyfitter_cfg.o
 .debug_loc     0x00000168      0x14f .\CortexM0\ARM_GCC_541\Debug\Cm0Start.o
 .debug_loc     0x000002b7      0x547 .\CortexM0\ARM_GCC_541\Debug\Design01.a(PWM.o)
 .debug_loc     0x000007fe       0x82 .\CortexM0\ARM_GCC_541\Debug\Design01.a(TC_ISR.o)
 .debug_loc     0x00000880      0x81c .\CortexM0\ARM_GCC_541\Debug\Design01.a(CyLib.o)
 .debug_loc     0x0000109c      0xdb7 .\CortexM0\ARM_GCC_541\Debug\Design01.a(CyLFClk.o)
 .debug_loc     0x00001e53       0x7e .\CortexM0\ARM_GCC_541\Debug\Design01.a(UART.o)
 .debug_loc     0x00001ed1      0x223 .\CortexM0\ARM_GCC_541\Debug\Design01.a(UART_UART.o)
 .debug_loc     0x000020f4      0x160 .\CortexM0\ARM_GCC_541\Debug\Design01.a(CyFlash.o)
 .debug_loc     0x00002254       0x96 .\CortexM0\ARM_GCC_541\Debug\Design01.a(UART_SPI_UART.o)

.debug_macinfo
 *(.debug_macinfo)

.debug_ranges   0x00000000      0x6b0
 *(.debug_ranges)
 .debug_ranges  0x00000000       0x18 .\CortexM0\ARM_GCC_541\Debug\main.o
 .debug_ranges  0x00000018       0x30 .\CortexM0\ARM_GCC_541\Debug\cyfitter_cfg.o
 .debug_ranges  0x00000048       0x38 .\CortexM0\ARM_GCC_541\Debug\Cm0Start.o
 .debug_ranges  0x00000080      0x148 .\CortexM0\ARM_GCC_541\Debug\Design01.a(PWM.o)
 .debug_ranges  0x000001c8       0x70 .\CortexM0\ARM_GCC_541\Debug\Design01.a(TC_ISR.o)
 .debug_ranges  0x00000238      0x1b8 .\CortexM0\ARM_GCC_541\Debug\Design01.a(CyLib.o)
 .debug_ranges  0x000003f0      0x178 .\CortexM0\ARM_GCC_541\Debug\Design01.a(CyLFClk.o)
 .debug_ranges  0x00000568       0x48 .\CortexM0\ARM_GCC_541\Debug\Design01.a(UART.o)
 .debug_ranges  0x000005b0       0x80 .\CortexM0\ARM_GCC_541\Debug\Design01.a(UART_UART.o)
 .debug_ranges  0x00000630       0x30 .\CortexM0\ARM_GCC_541\Debug\Design01.a(CyFlash.o)
 .debug_ranges  0x00000660       0x50 .\CortexM0\ARM_GCC_541\Debug\Design01.a(UART_SPI_UART.o)

.comment        0x00000000       0x6e
 .comment       0x00000000       0x6e .\CortexM0\ARM_GCC_541\Debug\main.o
                                 0x6f (size before relaxing)
 .comment       0x0000006e       0x6f .\CortexM0\ARM_GCC_541\Debug\cyfitter_cfg.o
 .comment       0x0000006e       0x6f .\CortexM0\ARM_GCC_541\Debug\cymetadata.o
 .comment       0x0000006e       0x6f .\CortexM0\ARM_GCC_541\Debug\Cm0Start.o
 .comment       0x0000006e       0x6f .\CortexM0\ARM_GCC_541\Debug\Design01.a(PWM.o)
 .comment       0x0000006e       0x6f .\CortexM0\ARM_GCC_541\Debug\Design01.a(TC_ISR.o)
 .comment       0x0000006e       0x6f .\CortexM0\ARM_GCC_541\Debug\Design01.a(CyLib.o)
 .comment       0x0000006e       0x6f .\CortexM0\ARM_GCC_541\Debug\Design01.a(CyLFClk.o)
 .comment       0x0000006e       0x6f .\CortexM0\ARM_GCC_541\Debug\Design01.a(UART.o)
 .comment       0x0000006e       0x6f .\CortexM0\ARM_GCC_541\Debug\Design01.a(UART_UART.o)
 .comment       0x0000006e       0x6f .\CortexM0\ARM_GCC_541\Debug\Design01.a(CyFlash.o)
 .comment       0x0000006e       0x6f .\CortexM0\ARM_GCC_541\Debug\Design01.a(UART_SPI_UART.o)

.debug_weaknames
 *(.debug_weaknames)

.debug_funcnames
 *(.debug_funcnames)

.debug_typenames
 *(.debug_typenames)

.debug_varnames
 *(.debug_varnames)

.note.gnu.arm.ident
 *(.note.gnu.arm.ident)

.ARM.attributes
                0x00000000       0x28
 *(.ARM.attributes)
 .ARM.attributes
                0x00000000       0x1e d:/program files (x86)/cypress/psoc creator/4.3/psoc creator/import/gnu/arm/5.4.1/bin/../lib/gcc/arm-none-eabi/5.4.1/armv6-m/crti.o
 .ARM.attributes
                0x0000001e       0x2c d:/program files (x86)/cypress/psoc creator/4.3/psoc creator/import/gnu/arm/5.4.1/bin/../lib/gcc/arm-none-eabi/5.4.1/armv6-m/crtbegin.o
 .ARM.attributes
                0x0000004a       0x1b d:/program files (x86)/cypress/psoc creator/4.3/psoc creator/import/gnu/arm/5.4.1/bin/../lib/gcc/arm-none-eabi/5.4.1/../../../../arm-none-eabi/lib/armv6-m/crt0.o
 .ARM.attributes
                0x00000065       0x31 .\CortexM0\ARM_GCC_541\Debug\main.o
 .ARM.attributes
                0x00000096       0x31 .\CortexM0\ARM_GCC_541\Debug\cyfitter_cfg.o
 .ARM.attributes
                0x000000c7       0x31 .\CortexM0\ARM_GCC_541\Debug\cymetadata.o
 .ARM.attributes
                0x000000f8       0x31 .\CortexM0\ARM_GCC_541\Debug\Cm0Start.o
 .ARM.attributes
                0x00000129       0x31 .\CortexM0\ARM_GCC_541\Debug\Design01.a(PWM.o)
 .ARM.attributes
                0x0000015a       0x31 .\CortexM0\ARM_GCC_541\Debug\Design01.a(TC_ISR.o)
 .ARM.attributes
                0x0000018b       0x31 .\CortexM0\ARM_GCC_541\Debug\Design01.a(CyLib.o)
 .ARM.attributes
                0x000001bc       0x31 .\CortexM0\ARM_GCC_541\Debug\Design01.a(CyLFClk.o)
 .ARM.attributes
                0x000001ed       0x31 .\CortexM0\ARM_GCC_541\Debug\Design01.a(UART.o)
 .ARM.attributes
                0x0000021e       0x31 .\CortexM0\ARM_GCC_541\Debug\Design01.a(UART_UART.o)
 .ARM.attributes
                0x0000024f       0x21 .\CortexM0\ARM_GCC_541\Debug\Design01.a(CyBootAsmGnu.o)
 .ARM.attributes
                0x00000270       0x31 .\CortexM0\ARM_GCC_541\Debug\Design01.a(CyFlash.o)
 .ARM.attributes
                0x000002a1       0x31 .\CortexM0\ARM_GCC_541\Debug\Design01.a(UART_SPI_UART.o)
 .ARM.attributes
                0x000002d2       0x1e d:/program files (x86)/cypress/psoc creator/4.3/psoc creator/import/gnu/arm/5.4.1/bin/../lib/gcc/arm-none-eabi/5.4.1/armv6-m\libgcc.a(_udivsi3.o)
 .ARM.attributes
                0x000002f0       0x1e d:/program files (x86)/cypress/psoc creator/4.3/psoc creator/import/gnu/arm/5.4.1/bin/../lib/gcc/arm-none-eabi/5.4.1/armv6-m\libgcc.a(_divsi3.o)
 .ARM.attributes
                0x0000030e       0x1e d:/program files (x86)/cypress/psoc creator/4.3/psoc creator/import/gnu/arm/5.4.1/bin/../lib/gcc/arm-none-eabi/5.4.1/armv6-m\libgcc.a(_dvmd_tls.o)
 .ARM.attributes
                0x0000032c       0x2c d:/program files (x86)/cypress/psoc creator/4.3/psoc creator/import/gnu/arm/5.4.1/bin/../lib/gcc/arm-none-eabi/5.4.1/../../../../arm-none-eabi/lib/armv6-m\libg_nano.a(lib_a-errno.o)
 .ARM.attributes
                0x00000358       0x2c d:/program files (x86)/cypress/psoc creator/4.3/psoc creator/import/gnu/arm/5.4.1/bin/../lib/gcc/arm-none-eabi/5.4.1/../../../../arm-none-eabi/lib/armv6-m\libg_nano.a(lib_a-exit.o)
 .ARM.attributes
                0x00000384       0x2c d:/program files (x86)/cypress/psoc creator/4.3/psoc creator/import/gnu/arm/5.4.1/bin/../lib/gcc/arm-none-eabi/5.4.1/../../../../arm-none-eabi/lib/armv6-m\libg_nano.a(lib_a-impure.o)
 .ARM.attributes
                0x000003b0       0x2c d:/program files (x86)/cypress/psoc creator/4.3/psoc creator/import/gnu/arm/5.4.1/bin/../lib/gcc/arm-none-eabi/5.4.1/../../../../arm-none-eabi/lib/armv6-m\libg_nano.a(lib_a-init.o)
 .ARM.attributes
                0x000003dc       0x2c d:/program files (x86)/cypress/psoc creator/4.3/psoc creator/import/gnu/arm/5.4.1/bin/../lib/gcc/arm-none-eabi/5.4.1/../../../../arm-none-eabi/lib/armv6-m\libg_nano.a(lib_a-memcpy-stub.o)
 .ARM.attributes
                0x00000408       0x2c d:/program files (x86)/cypress/psoc creator/4.3/psoc creator/import/gnu/arm/5.4.1/bin/../lib/gcc/arm-none-eabi/5.4.1/../../../../arm-none-eabi/lib/armv6-m\libg_nano.a(lib_a-memset.o)
 .ARM.attributes
                0x00000434       0x2c d:/program files (x86)/cypress/psoc creator/4.3/psoc creator/import/gnu/arm/5.4.1/bin/../lib/gcc/arm-none-eabi/5.4.1/../../../../arm-none-eabi/lib/armv6-m\libg_nano.a(lib_a-sprintf.o)
 .ARM.attributes
                0x00000460       0x1c d:/program files (x86)/cypress/psoc creator/4.3/psoc creator/import/gnu/arm/5.4.1/bin/../lib/gcc/arm-none-eabi/5.4.1/../../../../arm-none-eabi/lib/armv6-m\libg_nano.a(lib_a-strlen.o)
 .ARM.attributes
                0x0000047c       0x2c d:/program files (x86)/cypress/psoc creator/4.3/psoc creator/import/gnu/arm/5.4.1/bin/../lib/gcc/arm-none-eabi/5.4.1/../../../../arm-none-eabi/lib/armv6-m\libg_nano.a(lib_a-nano-svfprintf.o)
 .ARM.attributes
                0x000004a8       0x2c d:/program files (x86)/cypress/psoc creator/4.3/psoc creator/import/gnu/arm/5.4.1/bin/../lib/gcc/arm-none-eabi/5.4.1/../../../../arm-none-eabi/lib/armv6-m\libg_nano.a(lib_a-nano-vfprintf_i.o)
 .ARM.attributes
                0x000004d4       0x2c d:/program files (x86)/cypress/psoc creator/4.3/psoc creator/import/gnu/arm/5.4.1/bin/../lib/gcc/arm-none-eabi/5.4.1/../../../../arm-none-eabi/lib/armv6-m\libg_nano.a(lib_a-memchr-stub.o)
 .ARM.attributes
                0x00000500       0x2c d:/program files (x86)/cypress/psoc creator/4.3/psoc creator/import/gnu/arm/5.4.1/bin/../lib/gcc/arm-none-eabi/5.4.1/../../../../arm-none-eabi/lib/armv6-m\libg_nano.a(lib_a-memmove.o)
 .ARM.attributes
                0x0000052c       0x2c d:/program files (x86)/cypress/psoc creator/4.3/psoc creator/import/gnu/arm/5.4.1/bin/../lib/gcc/arm-none-eabi/5.4.1/../../../../arm-none-eabi/lib/armv6-m\libg_nano.a(lib_a-nano-freer.o)
 .ARM.attributes
                0x00000558       0x2c d:/program files (x86)/cypress/psoc creator/4.3/psoc creator/import/gnu/arm/5.4.1/bin/../lib/gcc/arm-none-eabi/5.4.1/../../../../arm-none-eabi/lib/armv6-m\libg_nano.a(lib_a-nano-mallocr.o)
 .ARM.attributes
                0x00000584       0x2c d:/program files (x86)/cypress/psoc creator/4.3/psoc creator/import/gnu/arm/5.4.1/bin/../lib/gcc/arm-none-eabi/5.4.1/../../../../arm-none-eabi/lib/armv6-m\libg_nano.a(lib_a-nano-reallocr.o)
 .ARM.attributes
                0x000005b0       0x2c d:/program files (x86)/cypress/psoc creator/4.3/psoc creator/import/gnu/arm/5.4.1/bin/../lib/gcc/arm-none-eabi/5.4.1/../../../../arm-none-eabi/lib/armv6-m\libg_nano.a(lib_a-sbrkr.o)
 .ARM.attributes
                0x000005dc       0x2c d:/program files (x86)/cypress/psoc creator/4.3/psoc creator/import/gnu/arm/5.4.1/bin/../lib/gcc/arm-none-eabi/5.4.1/../../../../arm-none-eabi/lib/armv6-m\libg_nano.a(lib_a-mlock.o)
 .ARM.attributes
                0x00000608       0x2c d:/program files (x86)/cypress/psoc creator/4.3/psoc creator/import/gnu/arm/5.4.1/bin/../lib/gcc/arm-none-eabi/5.4.1/../../../../arm-none-eabi/lib/armv6-m\libg_nano.a(lib_a-nano-msizer.o)
 .ARM.attributes
                0x00000634       0x2c d:/program files (x86)/cypress/psoc creator/4.3/psoc creator/import/gnu/arm/5.4.1/bin/../lib/gcc/arm-none-eabi/5.4.1/../../../../arm-none-eabi/lib/armv6-m\libg_nano.a(lib_a-reent.o)
 .ARM.attributes
                0x00000660       0x2c d:/program files (x86)/cypress/psoc creator/4.3/psoc creator/import/gnu/arm/5.4.1/bin/../lib/gcc/arm-none-eabi/5.4.1/armv6-m/crtend.o
 .ARM.attributes
                0x0000068c       0x1e d:/program files (x86)/cypress/psoc creator/4.3/psoc creator/import/gnu/arm/5.4.1/bin/../lib/gcc/arm-none-eabi/5.4.1/armv6-m/crtn.o

/DISCARD/
 *(.note.GNU-stack)
OUTPUT(C:\Users\LocalAdmin\Documents\PSoC Creator\pwmYoutube\Design01.cydsn\CortexM0\ARM_GCC_541\Debug\Design01.elf elf32-littlearm)
